[cmd] git status
On branch main
Changes not staged for commit:
  (use "git add <file>..." to update what will be committed)
  (use "git restore <file>..." to discard changes in working directory)
	modified:   alembic/versions/023_phase21_a1_release_gate_status_expand.py
	modified:   "docs/Phase2.1_A1_\350\257\201\346\215\256\345\214\205.md"
	modified:   docs/runlogs/phase21_a1_change_scope_git.txt
	modified:   docs/runlogs/phase21_a1_db_before_after.txt
	modified:   docs/runlogs/phase21_a1_migration_verify.txt

Untracked files:
  (use "git add <file>..." to include in what will be committed)
	docs/runlogs/phase21_a1_baseline_git.txt

no changes added to commit (use "git add" and/or "git commit -a")

[cmd] git add -A

[cmd] git commit -m "baseline before Phase2.1 A1" || true
[main 9e7a03b] baseline before Phase2.1 A1
 Committer: 秋月白 <zhangkuo@192.168.2.135>
Your name and email address were configured automatically based
on your username and hostname. Please check that they are accurate.
You can suppress this message by setting them explicitly:

    git config --global user.name "Your Name"
    git config --global user.email you@example.com

After doing this, you may fix the identity used for this commit with:

    git commit --amend --reset-author

 6 files changed, 488 insertions(+), 294 deletions(-)
 create mode 100644 docs/runlogs/phase21_a1_baseline_git.txt

[cmd] git log --oneline -5
9e7a03b baseline before Phase2.1 A1
95923ea baseline before Phase2.1 A1
